^[[K
^[[K
^[[K
^[(B^[[m    1 root      20   0   41684   5524   3960 S   0.0  0.1   0:01.49 systemd                                                          ^[(B^[[m^[[39;49m^[[K
^[(B^[[m    2 root      20   0       0      0      0 S   0.0  0.0   0:00.00 kthreadd                                                         ^[(B^[[m^[[39;49m^[[K
^[(B^[[m    3 root       0 -20       0      0      0 I   0.0  0.0   0:00.00 rcu_gp                                                           ^[(B^[[m^[[39;49m^[[K
2. Memory Information:
---------------------
              total        used        free      shared  buff/cache   available
Mem:           3.8G        1.4G        1.2G        436K        1.2G        2.1G
Swap:            0B          0B          0B
3. Disk Space Information:
-------------------------
Filesystem      Size  Used Avail Use% Mounted on
devtmpfs        1.9G     0  1.9G   0% /dev
tmpfs           1.9G     0  1.9G   0% /dev/shm
tmpfs           1.9G  428K  1.9G   1% /run
tmpfs           1.9G     0  1.9G   0% /sys/fs/cgroup
/dev/nvme0n1p1  8.0G  5.7G  2.4G  71% /
tmpfs           387M     0  386M   0% /run/user/1000
